{
    "router_id": "10.41.110.4",
    "last_reconfiguration": "2016-11-10T21:47:02",
    "version": "1.6.0",
    "last_reboot": "2016-09-18T21:47:06"
}
